// Jest Snapshot v1, https://goo.gl/fbAQLP

exports[`it should produce the expected lint ouput 1`] = `
Array [
  Object {
    "errorCount": 1,
    "filePath": "/usr/linked/index.ts",
    "fixableErrorCount": 0,
    "fixableWarningCount": 0,
    "messages": Array [
      Object {
        "column": 15,
        "endColumn": 18,
        "endLine": 1,
        "line": 1,
        "message": "Unexpected any. Specify a different type.",
        "messageId": "unexpectedAny",
        "nodeType": "TSAnyKeyword",
        "ruleId": "@typescript-eslint/no-explicit-any",
        "severity": 2,
      },
    ],
    "source": "const noSemi: any = true;
",
    "warningCount": 0,
  },
]
`;
