// Jest Snapshot v1, https://goo.gl/fbAQLP

exports[`recommended-does-not-require-program should lint successfully 1`] = `
Array [
  Object {
    "errorCount": 0,
    "fatalErrorCount": 0,
    "filePath": "<root>/index.ts",
    "fixableErrorCount": 0,
    "fixableWarningCount": 0,
    "messages": Array [
      Object {
        "column": 7,
        "endColumn": 15,
        "endLine": 1,
        "line": 1,
        "message": "'foo' is assigned a value but never used.",
        "messageId": "unusedVar",
        "nodeType": "Identifier",
        "ruleId": "@typescript-eslint/no-unused-vars",
        "severity": 1,
      },
      Object {
        "column": 12,
        "endColumn": 15,
        "endLine": 1,
        "line": 1,
        "message": "Unexpected any. Specify a different type.",
        "messageId": "unexpectedAny",
        "nodeType": "TSAnyKeyword",
        "ruleId": "@typescript-eslint/no-explicit-any",
        "severity": 1,
        "suggestions": Array [
          Object {
            "desc": "Use \`unknown\` instead, this will force you to explicitly, and safely assert the type is correct.",
            "fix": Object {
              "range": Array [
                11,
                14,
              ],
              "text": "unknown",
            },
            "messageId": "suggestUnknown",
          },
          Object {
            "desc": "Use \`never\` instead, this is useful when instantiating generic type parameters that you don't need to know the type of.",
            "fix": Object {
              "range": Array [
                11,
                14,
              ],
              "text": "never",
            },
            "messageId": "suggestNever",
          },
        ],
      },
    ],
    "output": "const foo: any = true;
",
    "suppressedMessages": Array [],
    "usedDeprecatedRules": Array [],
    "warningCount": 2,
  },
]
`;
