// Jest Snapshot v1, https://goo.gl/fbAQLP

exports[`it should produce the expected lint ouput 1`] = `
Array [
  Object {
    "errorCount": 1,
    "filePath": "/usr/linked/index.ts",
    "fixableErrorCount": 1,
    "fixableWarningCount": 0,
    "messages": Array [
      Object {
        "column": 1,
        "endColumn": 15,
        "endLine": 1,
        "fix": Object {
          "range": Array [
            0,
            3,
          ],
          "text": "let",
        },
        "line": 1,
        "message": "Unexpected var, use let or const instead.",
        "nodeType": "VariableDeclaration",
        "ruleId": "no-var",
        "severity": 2,
      },
      Object {
        "column": 5,
        "endColumn": 8,
        "endLine": 1,
        "line": 1,
        "message": "'foo' is assigned a value but never used.",
        "nodeType": "Identifier",
        "ruleId": "@typescript-eslint/no-unused-vars",
        "severity": 1,
      },
    ],
    "source": "var foo = true
",
    "warningCount": 1,
  },
]
`;
